Microsoft Windows [Version 10.0.26200.7462]
(c) Microsoft Corporation. All rights reserved.

C:\Users\Aurora\Projects\GW2Radial>